// Jest Snapshot v1, https://goo.gl/fbAQLP

exports[`renders forms component correctly without props 1`] = `ShallowWrapper {}`;
