// Jest Snapshot v1, https://goo.gl/fbAQLP

exports[`InputModal renders without failure 1`] = `ReactWrapper {}`;
