// Jest Snapshot v1, https://goo.gl/fbAQLP

exports[`InputForm component renders without failure 1`] = `ShallowWrapper {}`;
