// Jest Snapshot v1, https://goo.gl/fbAQLP

exports[`CreateInputModal component renders without failure 1`] = `ShallowWrapper {}`;
